
[TestCmdNameArgsFails - 1]
error finding base dir name '/' same length for work dir: '/',

---
